// Jest Snapshot v1, https://goo.gl/fbAQLP

exports[`-------------COMPONENT TESTING - Feed -------------  Feed function snapshot testing 1`] = `<ThreadList />`;
